Sampling 15 blocks from http://127.0.0.1:26657 (every 1s)...
started_at: 2026-08-22T12:36:09Z
sample=1 height=16 time=2026-08-22T12:36:06.377831Z
sample=2 height=17 time=2026-08-22T12:36:08.382935Z
sample=3 height=17 time=2026-08-22T12:36:08.382935Z
sample=4 height=18 time=2026-08-22T12:36:10.313487Z
sample=5 height=18 time=2026-08-22T12:36:10.313487Z
sample=6 height=19 time=2026-08-22T12:36:12.342178Z
sample=7 height=19 time=2026-08-22T12:36:12.342178Z
sample=8 height=20 time=2026-08-22T12:36:14.25899Z
sample=9 height=20 time=2026-08-22T12:36:14.25899Z
sample=10 height=21 time=2026-08-22T12:36:16.176343Z
sample=11 height=21 time=2026-08-22T12:36:16.176343Z
sample=12 height=22 time=2026-08-22T12:36:18.103954Z
sample=13 height=22 time=2026-08-22T12:36:18.103954Z
sample=14 height=23 time=2026-08-22T12:36:20.019148Z
sample=15 height=24 time=2026-08-22T12:36:22.073758Z

heights observed: [16, 17, 17, 18, 18, 19, 19, 20, 20, 21, 21, 22, 22, 23, 24]
blocks advanced: 8 across the sampling window
PASS: block height is advancing - devnet is producing blocks.

Computing inter-block time from block headers directly (more precise than RPC polling interval)...
inter-block deltas (s): [2.032, 2.041, 2.005, 1.931, 2.029, 1.917, 1.917, 1.928, 1.915, 2.055]
average block time: 1.977s over 10 intervals (heights 14-24)
PASS: average block time 1.977s falls within the 1-2s target band (with reasonable margin).

finished_at: 2026-08-22T12:36:25Z

