# Live sentry-isolation evidence — captured 2026-08-22T08:35:16Z from a running devnet
# binary: track-2-consensus-genesis-8fcceae6, commit 8fcceae6
== net_info :26657 ==
moniker: sentry-0
{"n_peers":"2","peers":["sentry-1","validator-0"]}
== net_info :26667 ==
moniker: validator-0
{"n_peers":"1","peers":["sentry-0"]}
== net_info :26677 ==
moniker: sentry-1
{"n_peers":"2","peers":["sentry-0","validator-1"]}
== net_info :26687 ==
moniker: validator-1
{"n_peers":"1","peers":["sentry-1"]}
== pex/private_peer_ids from live config ==
-- node0:
persistent_peers = "tcp://028b6b62123f32ec2644260c2002d6589e177b88@127.0.0.1:26660,tcp://140e6822867b6c2c84859bfc8c531bd99c6448d0@127.0.0.1:26670"
unconditional_peer_ids = "028b6b62123f32ec2644260c2002d6589e177b88"
pex = true
private_peer_ids = "028b6b62123f32ec2644260c2002d6589e177b88"
-- node1:
persistent_peers = "tcp://692a1621726abf7b5fecc98660f7071ebfef38d6@127.0.0.1:26650"
unconditional_peer_ids = ""
pex = false
private_peer_ids = ""
-- node2:
persistent_peers = "tcp://12f5a4fc29d682642cce831bacfaa006a55392e9@127.0.0.1:26680,tcp://692a1621726abf7b5fecc98660f7071ebfef38d6@127.0.0.1:26650"
unconditional_peer_ids = "12f5a4fc29d682642cce831bacfaa006a55392e9"
pex = true
private_peer_ids = "12f5a4fc29d682642cce831bacfaa006a55392e9"
-- node3:
persistent_peers = "tcp://140e6822867b6c2c84859bfc8c531bd99c6448d0@127.0.0.1:26670"
unconditional_peer_ids = ""
pex = false
private_peer_ids = ""
== commit signatures at latest height (both validators signing) ==
{"height":"38","sigs":[{"addr":"BEDF7D5BFD9C524507336957771FD98DAE13E4B6","flag":2},{"addr":"D08925E6924C993622E6DF510EA9E9DEA5CFB421","flag":2}]}
